###############################################################################
# TASK-001 写文件锁 · 状态源演示日志（task-6 · Owner 直接指令 · 封 R-1）
# 语义：状态只认权威文件 agent_state/task_state.json 的 tasks.<task_id>.status
#       调用方传入的 status / state / current_state 一律忽略；任何不可用情形 fail-closed
# 唯一解释器：C:\Users\Administrator\.dsh\dsh-runtimes\dsh-primary-runtime\dependencies\python\python.exe
# 本文件按时间顺序由命令执行追加生成，未经人工编辑。
###############################################################################

===== SECTION 1 / 状态源演示（真实工作区 + 隔离放行）· 2026-09-30T12:23:20+08:00 =====
PS> "C:\Users\Administrator\.dsh\dsh-runtimes\dsh-primary-runtime\dependencies\python\python.exe" "E:\Socratic_M\team\tests\demo_write_lock.py"
=== TASK-001 写文件锁 · 状态源演示（状态只认权威文件）===
解释器版本: 3.12.14

==============================================================================
第一段 · 真实工作区（撒谎用例：调用方声称 RUNNING，权威文件是 BLOCKED）
==============================================================================
数据根            : E:\Socratic_M\team
权威状态文件      : E:\Socratic_M\team\agent_state\task_state.json
权威文件原文      : { "schema": "task-internal/v1", "tasks": { "TASK-001": { "status": "BLOCKED", "previous_status": null, "contract_version": "v1", "updated_at": "2026-09-30T08:40:52+08:00" } }, "updated_at": "2026-09-30T08:40:52+08:00" }
权威状态（只读）  : BLOCKED
篡改目标          : E:\Socratic_M\team\src\control\gate.py
调用方传入        : {"status": "RUNNING"}   ← 故意撒谎

--- 演示前 ---
目标 SHA256       : 2c778d3c89502589763554000c547bb851a2ea71c0e5d01a5e557d27ba53c98a
目标 mtime_ns     : 1790741308795749200
目标 字节数       : 15476
权威文件 SHA256   : 81d427e8587c0b30f46fc297e23cca57ca93e560ec28a34e51a1da43b827e383
审计日志条目数    : 2

--- 尝试写入（调用方声称 RUNNING）---
调用：locked_write('E:\\Socratic_M\\team\\src\\control\\gate.py', '<篡改内容>', task_id='TASK-001', task_state={'status': 'RUNNING'})
结果：抛出 WriteDenied（撒谎被拒）
异常信息          : 写入被拒绝：权威状态为 'BLOCKED'，不是 'RUNNING'；目标文件未被打开、未写入任何字节（E:\Socratic_M\team\src\control\gate.py）。⚠ 状态只认权威文件 E:\Socratic_M\team\agent_state\task_state.json；task_id='TASK-001' 只用于选择读取哪条记录（选择器），不是状态断言。⚠ 调用方传入的 task_state={'status': 'RUNNING'} 已被**忽略**——状态只认权威文件，传入的 status/state/current_state 一律不参与判定。
权威读到 state    : BLOCKED
state_source      : E:\Socratic_M\team\agent_state\task_state.json
拒绝记录 audit    : efb2c14b3912f953cf5aca2ca5957c54057fc430b1782f8908810268220aaa21
留痕失败 audit_err: None

--- 演示后 ---
目标 SHA256       : 2c778d3c89502589763554000c547bb851a2ea71c0e5d01a5e557d27ba53c98a
目标 mtime_ns     : 1790741308795749200
目标 字节数       : 15476
权威文件 SHA256   : 81d427e8587c0b30f46fc297e23cca57ca93e560ec28a34e51a1da43b827e383
审计日志条目数    : 3

--- 判定（通过标准：前后 SHA256 完全相同）---
前后 SHA256 相同  : True
前后 mtime 相同   : True
前后字节数相同    : True
抛出 WriteDenied  : True
权威文件未被篡改  : True

--- 审计日志新增条目（拒绝记录，豁免于本锁）---
{"event": {"basis": "RULE-01 · task-6（Owner 直接指令）· 状态只认权威文件；拒绝记录豁免于本锁", "bytes_written": 0, "caller_supplied_state_ignored": true, "caller_supplied_task_state": "{'status': 'RUNNING'}", "kind": "write_lock.denied", "path": "E:\\Socratic_M\\team\\src\\control\\gate.py", "reason": "权威状态为 'BLOCKED'，不是 'RUNNING'", "required_state": "RUNNING", "state": "BLOCKED", "state_source": "E:\\Socratic_M\\team\\agent_state\\task_state.json", "state_source_error": null, "task_id": "TASK-001", "task_id_role": "选择器（读哪条记录），不是状态断言"}, "hash": "efb2c14b3912f953cf5aca2ca5957c54057fc430b1782f8908810268220aaa21", "prev_hash": "40d9a2c4d0bf7b54e54645d0cf3aeb006d705a4e3d2152bfc4c021dbe42a0868", "seq": 3, "ts": "2026-09-30T12:23:20+08:00"}

--- team/src/ 既有文件快照比对（演示前 → 演示后）---
相同    control/__init__.py
相同    control/audit_log.py
相同    control/dual_judge.py
相同    control/gate.py
相同    control/objection.py
相同    control/write_lock.py
src/ 全部既有文件未被改动: True

第一段结论: PASS —— 撒谎调用被真实拦下，目标与权威文件均一个字节未变

==============================================================================
第二段 · 隔离数据根（放行用例：权威状态 = RUNNING）
==============================================================================
隔离数据根        : C:\Users\Administrator\AppData\Local\Temp\writelock-demo-l_gmbnkv
权威状态文件      : C:\Users\Administrator\AppData\Local\Temp\writelock-demo-l_gmbnkv\agent_state\task_state.json
权威状态（只读）  : RUNNING
目标（隔离目录内）: C:\Users\Administrator\AppData\Local\Temp\writelock-demo-l_gmbnkv\output\allowed.txt
调用：locked_write(<隔离目标>, '<内容>', task_id='TASK-001', task_state={'status': 'BLOCKED'})   ← 调用方这次反向撒谎
结果：放行 ✔
返回              : {"path": "C:\\Users\\Administrator\\AppData\\Local\\Temp\\writelock-demo-l_gmbnkv\\output\\allowed.txt", "bytes": 42, "sha256": "f31208c582e9be891cc552bc3ac5f1ffdf0a6f95b635699b27616581da337bbe", "task_id": "TASK-001", "state": "RUNNING", "state_source": "C:\\Users\\Administrator\\AppData\\Local\\Temp\\writelock-demo-l_gmbnkv\\agent_state\\task_state.json"}
目标是否存在      : True
目标内容          : '写入被允许：权威状态为 RUNNING\n'
第二段结论: PASS —— 权威为 RUNNING 时确实放行（锁不是一律拒绝）

==============================================================================
总判定: 第一段(真实工作区·撒谎被拒)=PASS | 第二段(隔离·RUNNING 放行)=PASS
==============================================================================
[exit code: 0]

===== SECTION 2 / 全量测试套件（既有 81 项 + 新写锁测试） =====
PS> "C:\Users\Administrator\.dsh\dsh-runtimes\dsh-primary-runtime\dependencies\python\python.exe" -m pytest "E:\Socratic_M\team\tests" -v
============================= test session starts =============================
platform win32 -- Python 3.12.14, pytest-9.1.1, pluggy-1.6.0 -- C:\Users\Administrator\.dsh\dsh-runtimes\dsh-primary-runtime\dependencies\python\python.exe
rootdir: E:\Socratic_M
collecting ... collected 127 items

team/tests/test_control.py::test_gate_valid_task_passes_with_no_hits PASSED [  0%]
team/tests/test_control.py::test_g31_blocks_when_contract_not_approved PASSED [  1%]
team/tests/test_control.py::test_g32_blocks_on_version_mismatch PASSED   [  2%]
team/tests/test_control.py::test_g32_blocks_on_write_path_outside_allowed_paths PASSED [  3%]
team/tests/test_control.py::test_g32_blocks_on_path_traversal_escape PASSED [  3%]
team/tests/test_control.py::test_g32_accepts_absolute_path_inside_workspace PASSED [  4%]
team/tests/test_control.py::test_g32_blocks_when_dependencies_not_met PASSED [  5%]
team/tests/test_control.py::test_g33_blocks_when_report_item_missing[changes] PASSED [  6%]
team/tests/test_control.py::test_g33_blocks_when_report_item_missing[test_evidence] PASSED [  7%]
team/tests/test_control.py::test_g33_blocks_when_report_item_missing[risks] PASSED [  7%]
team/tests/test_control.py::test_g33_blocks_when_report_item_missing[deviations] PASSED [  8%]
team/tests/test_control.py::test_g33_blocks_when_report_item_missing[rollback] PASSED [  9%]
team/tests/test_control.py::test_g33_blocks_empty_report_item PASSED     [ 10%]
team/tests/test_control.py::test_g33_accepts_chinese_report_keys PASSED  [ 11%]
team/tests/test_control.py::test_g33_blocks_acceptance_without_report PASSED [ 11%]
team/tests/test_control.py::test_g34_blocks_when_change_pending_affects_task PASSED [ 12%]
team/tests/test_control.py::test_g34_not_hit_when_change_does_not_affect_task PASSED [ 13%]
team/tests/test_control.py::test_g35_triggers_on_budget_exceeded PASSED  [ 14%]
team/tests/test_control.py::test_g35_triggers_on_rework_over_limit PASSED [ 14%]
team/tests/test_control.py::test_g35_not_hit_at_rework_equal_to_limit PASSED [ 15%]
team/tests/test_control.py::test_g35_triggers_on_risk_over_threshold PASSED [ 16%]
team/tests/test_control.py::test_g36_blocks_illegal_transition_submitted_to_running PASSED [ 17%]
team/tests/test_control.py::test_g36_accepts_legal_transition_draft_to_auditing PASSED [ 18%]
team/tests/test_control.py::test_g36_accepts_v2_added_transition_ready_to_blocked PASSED [ 18%]
team/tests/test_control.py::test_g36_accepts_v2_added_transition_auditing_to_blocked PASSED [ 19%]
team/tests/test_control.py::test_g36_accepts_blocked_returning_to_previous_state PASSED [ 20%]
team/tests/test_control.py::test_g36_rejects_blocked_to_state_it_could_not_come_from PASSED [ 21%]
team/tests/test_control.py::test_g36_rejects_blocked_to_state_conflicting_with_blocked_from PASSED [ 22%]
team/tests/test_control.py::test_g36_transition_check_appends_audit_log PASSED [ 22%]
team/tests/test_control.py::test_g37_blocks_when_awaiting_user_decision_and_not_paused PASSED [ 23%]
team/tests/test_control.py::test_g37_not_hit_when_awaiting_user_decision_and_paused PASSED [ 24%]
team/tests/test_control.py::test_g37_not_hit_when_paused_by_state_without_is_paused_flag PASSED [ 25%]
team/tests/test_control.py::test_g37_not_hit_when_no_user_decision_pending PASSED [ 25%]
team/tests/test_control.py::test_gate_rule_ids_cover_all_seven_gates PASSED [ 26%]
team/tests/test_control.py::test_package_workspace_base_and_default_data_root_are_correct PASSED [ 27%]
team/tests/test_control.py::test_gate_hits_are_ordered_and_reasons_match PASSED [ 28%]
team/tests/test_control.py::test_gate_rejects_non_dict_task PASSED       [ 29%]
team/tests/test_control.py::test_gate_source_cites_baseline_defect_v1_4_err_01 PASSED [ 29%]
team/tests/test_control.py::test_g36_erratum_accepts_rework_to_running PASSED [ 30%]
team/tests/test_control.py::test_g36_erratum_accepts_escalated_to_ready PASSED [ 31%]
team/tests/test_control.py::test_g36_erratum_accepts_escalated_to_blocked PASSED [ 32%]
team/tests/test_control.py::test_g36_erratum_transition_set_is_exactly_v2_plus_three PASSED [ 33%]
team/tests/test_control.py::test_g36_erratum_does_not_liberalize_other_dead_ends PASSED [ 33%]
team/tests/test_control.py::test_g36_erratum_keeps_submitted_to_running_illegal PASSED [ 34%]
team/tests/test_control.py::test_gate_source_cites_baseline_defect_v1_4_err_02 PASSED [ 35%]
team/tests/test_control.py::test_objection_id_is_generated_with_expected_format PASSED [ 36%]
team/tests/test_control.py::test_objection_id_increments_per_submission PASSED [ 37%]
team/tests/test_control.py::test_objection_id_cannot_be_supplied_externally PASSED [ 37%]
team/tests/test_control.py::test_objection_submit_has_no_obj_id_parameter PASSED [ 38%]
team/tests/test_control.py::test_objection_submit_sets_task_blocked PASSED [ 39%]
team/tests/test_control.py::test_objection_submit_records_previous_status PASSED [ 40%]
team/tests/test_control.py::test_objection_writes_record_into_proposals PASSED [ 40%]
team/tests/test_control.py::test_objection_appends_index_entry PASSED    [ 41%]
team/tests/test_control.py::test_objection_invalidates_unknown_sets_mentor_verdict_plan_flag PASSED [ 42%]
team/tests/test_control.py::test_objection_invalidates_is_required PASSED [ 43%]
team/tests/test_control.py::test_objection_kind_is_validated PASSED      [ 44%]
team/tests/test_control.py::test_objection_rejects_empty_claim_or_evidence PASSED [ 44%]
team/tests/test_control.py::test_objection_submit_appends_audit_log PASSED [ 45%]
team/tests/test_control.py::test_mentor_response_is_registered PASSED    [ 46%]
team/tests/test_control.py::test_mentor_response_registered_even_when_objection_judged_minor PASSED [ 47%]
team/tests/test_control.py::test_register_mentor_response_requires_known_objection PASSED [ 48%]
team/tests/test_control.py::test_register_mentor_response_rejects_empty_text PASSED [ 48%]
team/tests/test_control.py::test_compare_raises_incomplete_when_only_mentor_submitted PASSED [ 49%]
team/tests/test_control.py::test_compare_raises_incomplete_when_only_controller_submitted PASSED [ 50%]
team/tests/test_control.py::test_compare_raises_incomplete_when_no_verdict_submitted PASSED [ 51%]
team/tests/test_control.py::test_compare_both_major_escalates PASSED     [ 51%]
team/tests/test_control.py::test_compare_both_minor_does_not_escalate PASSED [ 52%]
team/tests/test_control.py::test_compare_divergent_escalates PASSED      [ 53%]
team/tests/test_control.py::test_verdicts_are_written_to_separate_files PASSED [ 54%]
team/tests/test_control.py::test_comparison_is_archived_with_both_verdicts PASSED [ 55%]
team/tests/test_control.py::test_submit_verdict_rejects_unknown_role PASSED [ 55%]
team/tests/test_control.py::test_submit_verdict_rejects_malformed_verdict PASSED [ 56%]
team/tests/test_control.py::test_compare_rejects_empty_obj_id PASSED     [ 57%]
team/tests/test_control.py::test_audit_log_append_returns_hash_and_creates_file PASSED [ 58%]
team/tests/test_control.py::test_audit_log_verify_true_for_untampered_event PASSED [ 59%]
team/tests/test_control.py::test_audit_log_chains_prev_hash PASSED       [ 59%]
team/tests/test_control.py::test_audit_log_verify_false_after_tamper PASSED [ 60%]
team/tests/test_control.py::test_audit_log_verify_false_for_unknown_hash PASSED [ 61%]
team/tests/test_control.py::test_audit_log_verify_false_when_log_missing PASSED [ 62%]
team/tests/test_control.py::test_audit_log_append_rejects_non_dict PASSED [ 62%]
team/tests/test_control.py::test_audit_log_append_is_append_only PASSED  [ 63%]
team/tests/test_write_lock.py::test_denies_when_authoritative_status_is_blocked PASSED [ 64%]
team/tests/test_write_lock.py::test_lying_caller_is_denied PASSED        [ 65%]
team/tests/test_write_lock.py::test_all_caller_supplied_state_spellings_are_ignored[caller_state0] PASSED [ 66%]
team/tests/test_write_lock.py::test_all_caller_supplied_state_spellings_are_ignored[caller_state1] PASSED [ 66%]
team/tests/test_write_lock.py::test_all_caller_supplied_state_spellings_are_ignored[caller_state2] PASSED [ 67%]
team/tests/test_write_lock.py::test_all_caller_supplied_state_spellings_are_ignored[RUNNING] PASSED [ 68%]
team/tests/test_write_lock.py::test_all_caller_supplied_state_spellings_are_ignored[caller_state4] PASSED [ 69%]
team/tests/test_write_lock.py::test_denies_when_authoritative_file_missing PASSED [ 70%]
team/tests/test_write_lock.py::test_denies_when_authoritative_file_unreadable_or_malformed[{ this is not json] PASSED [ 70%]
team/tests/test_write_lock.py::test_denies_when_authoritative_file_unreadable_or_malformed[] PASSED [ 71%]
team/tests/test_write_lock.py::test_denies_when_authoritative_file_unreadable_or_malformed[[]] PASSED [ 72%]
team/tests/test_write_lock.py::test_denies_when_authoritative_file_unreadable_or_malformed["just a string"] PASSED [ 73%]
team/tests/test_write_lock.py::test_denies_when_tasks_object_missing PASSED [ 74%]
team/tests/test_write_lock.py::test_denies_when_task_id_not_in_authoritative_file PASSED [ 74%]
team/tests/test_write_lock.py::test_denies_when_status_missing_or_invalid[record0] PASSED [ 75%]
team/tests/test_write_lock.py::test_denies_when_status_missing_or_invalid[record1] PASSED [ 76%]
team/tests/test_write_lock.py::test_denies_when_status_missing_or_invalid[record2] PASSED [ 77%]
team/tests/test_write_lock.py::test_denies_when_status_missing_or_invalid[record3] PASSED [ 77%]
team/tests/test_write_lock.py::test_denies_when_status_missing_or_invalid[record4] PASSED [ 78%]
team/tests/test_write_lock.py::test_denies_when_status_missing_or_invalid[record5] PASSED [ 79%]
team/tests/test_write_lock.py::test_denies_when_status_missing_or_invalid[not-a-dict] PASSED [ 80%]
team/tests/test_write_lock.py::test_denies_when_task_id_is_not_a_valid_selector[] PASSED [ 81%]
team/tests/test_write_lock.py::test_denies_when_task_id_is_not_a_valid_selector[   ] PASSED [ 81%]
team/tests/test_write_lock.py::test_denies_when_task_id_is_not_a_valid_selector[None] PASSED [ 82%]
team/tests/test_write_lock.py::test_denies_when_task_id_is_not_a_valid_selector[123] PASSED [ 83%]
team/tests/test_write_lock.py::test_denies_when_task_id_is_not_a_valid_selector[bad_task_id4] PASSED [ 84%]
team/tests/test_write_lock.py::test_denial_never_opens_target PASSED     [ 85%]
team/tests/test_write_lock.py::test_denial_creates_no_temp_file PASSED   [ 85%]
team/tests/test_write_lock.py::test_denial_record_names_state_source_and_ignored_caller_value PASSED [ 86%]
team/tests/test_write_lock.py::test_denial_message_states_caller_value_is_ignored PASSED [ 87%]
team/tests/test_write_lock.py::test_denial_message_notes_when_no_caller_state_passed PASSED [ 88%]
team/tests/test_write_lock.py::test_denial_records_accumulate_in_chain PASSED [ 88%]
team/tests/test_write_lock.py::test_allows_when_authoritative_status_is_running PASSED [ 89%]
team/tests/test_write_lock.py::test_caller_claiming_blocked_does_not_prevent_allowed_write PASSED [ 90%]
team/tests/test_write_lock.py::test_task_id_selects_the_right_record PASSED [ 91%]
team/tests/test_write_lock.py::test_allowed_write_uses_atomic_replace PASSED [ 92%]
team/tests/test_write_lock.py::test_allowed_write_creates_missing_parent_directories PASSED [ 92%]
team/tests/test_write_lock.py::test_allowed_write_accepts_bytes_content PASSED [ 93%]
team/tests/test_write_lock.py::test_task_id_is_a_required_keyword PASSED [ 94%]
team/tests/test_write_lock.py::test_read_authoritative_status_returns_running PASSED [ 95%]
team/tests/test_write_lock.py::test_read_authoritative_status_raises_on_unusable_source PASSED [ 96%]
team/tests/test_write_lock.py::test_state_source_path_matches_objection_convention PASSED [ 96%]
team/tests/test_write_lock.py::test_exempt_comment_is_documented_in_source PASSED [ 97%]
team/tests/test_write_lock.py::test_selector_vs_state_assertion_is_documented_in_source PASSED [ 98%]
team/tests/test_write_lock.py::test_module_does_not_import_or_patch_other_writers PASSED [ 99%]
team/tests/test_write_lock.py::test_other_modules_are_untouched_by_this_task PASSED [100%]

============================= 127 passed in 0.63s =============================
[exit code: 0]
