============================= test session starts =============================
platform win32 -- Python 3.12.14, pytest-9.1.1, pluggy-1.6.0 -- C:\Users\Administrator\.dsh\dsh-runtimes\dsh-primary-runtime\dependencies\python\python.exe
rootdir: E:\Socratic_M
collecting ... collected 74 items

team/tests/test_control.py::test_gate_valid_task_passes_with_no_hits PASSED [  1%]
team/tests/test_control.py::test_g31_blocks_when_contract_not_approved PASSED [  2%]
team/tests/test_control.py::test_g32_blocks_on_version_mismatch PASSED   [  4%]
team/tests/test_control.py::test_g32_blocks_on_write_path_outside_allowed_paths PASSED [  5%]
team/tests/test_control.py::test_g32_blocks_on_path_traversal_escape PASSED [  6%]
team/tests/test_control.py::test_g32_accepts_absolute_path_inside_workspace PASSED [  8%]
team/tests/test_control.py::test_g32_blocks_when_dependencies_not_met PASSED [  9%]
team/tests/test_control.py::test_g33_blocks_when_report_item_missing[changes] PASSED [ 10%]
team/tests/test_control.py::test_g33_blocks_when_report_item_missing[test_evidence] PASSED [ 12%]
team/tests/test_control.py::test_g33_blocks_when_report_item_missing[risks] PASSED [ 13%]
team/tests/test_control.py::test_g33_blocks_when_report_item_missing[deviations] PASSED [ 14%]
team/tests/test_control.py::test_g33_blocks_when_report_item_missing[rollback] PASSED [ 16%]
team/tests/test_control.py::test_g33_blocks_empty_report_item PASSED     [ 17%]
team/tests/test_control.py::test_g33_accepts_chinese_report_keys PASSED  [ 18%]
team/tests/test_control.py::test_g33_blocks_acceptance_without_report PASSED [ 20%]
team/tests/test_control.py::test_g34_blocks_when_change_pending_affects_task PASSED [ 21%]
team/tests/test_control.py::test_g34_not_hit_when_change_does_not_affect_task PASSED [ 22%]
team/tests/test_control.py::test_g35_triggers_on_budget_exceeded PASSED  [ 24%]
team/tests/test_control.py::test_g35_triggers_on_rework_over_limit PASSED [ 25%]
team/tests/test_control.py::test_g35_not_hit_at_rework_equal_to_limit PASSED [ 27%]
team/tests/test_control.py::test_g35_triggers_on_risk_over_threshold PASSED [ 28%]
team/tests/test_control.py::test_g36_blocks_illegal_transition_submitted_to_running PASSED [ 29%]
team/tests/test_control.py::test_g36_accepts_legal_transition_draft_to_auditing PASSED [ 31%]
team/tests/test_control.py::test_g36_accepts_v2_added_transition_ready_to_blocked PASSED [ 32%]
team/tests/test_control.py::test_g36_accepts_v2_added_transition_auditing_to_blocked PASSED [ 33%]
team/tests/test_control.py::test_g36_accepts_blocked_returning_to_previous_state PASSED [ 35%]
team/tests/test_control.py::test_g36_rejects_blocked_to_state_it_could_not_come_from PASSED [ 36%]
team/tests/test_control.py::test_g36_rejects_blocked_to_state_conflicting_with_blocked_from PASSED [ 37%]
team/tests/test_control.py::test_g36_transition_check_appends_audit_log PASSED [ 39%]
team/tests/test_control.py::test_g37_blocks_when_awaiting_user_decision_and_not_paused PASSED [ 40%]
team/tests/test_control.py::test_g37_not_hit_when_awaiting_user_decision_and_paused PASSED [ 41%]
team/tests/test_control.py::test_g37_not_hit_when_paused_by_state_without_is_paused_flag PASSED [ 43%]
team/tests/test_control.py::test_g37_not_hit_when_no_user_decision_pending PASSED [ 44%]
team/tests/test_control.py::test_gate_rule_ids_cover_all_seven_gates PASSED [ 45%]
team/tests/test_control.py::test_package_workspace_base_and_default_data_root_are_correct PASSED [ 47%]
team/tests/test_control.py::test_gate_hits_are_ordered_and_reasons_match PASSED [ 48%]
team/tests/test_control.py::test_gate_rejects_non_dict_task PASSED       [ 50%]
team/tests/test_control.py::test_gate_source_cites_baseline_defect_v1_4_err_01 PASSED [ 51%]
team/tests/test_control.py::test_objection_id_is_generated_with_expected_format PASSED [ 52%]
team/tests/test_control.py::test_objection_id_increments_per_submission PASSED [ 54%]
team/tests/test_control.py::test_objection_id_cannot_be_supplied_externally PASSED [ 55%]
team/tests/test_control.py::test_objection_submit_has_no_obj_id_parameter PASSED [ 56%]
team/tests/test_control.py::test_objection_submit_sets_task_blocked PASSED [ 58%]
team/tests/test_control.py::test_objection_submit_records_previous_status PASSED [ 59%]
team/tests/test_control.py::test_objection_writes_record_into_proposals PASSED [ 60%]
team/tests/test_control.py::test_objection_appends_index_entry PASSED    [ 62%]
team/tests/test_control.py::test_objection_invalidates_unknown_sets_mentor_verdict_plan_flag PASSED [ 63%]
team/tests/test_control.py::test_objection_invalidates_is_required PASSED [ 64%]
team/tests/test_control.py::test_objection_kind_is_validated PASSED      [ 66%]
team/tests/test_control.py::test_objection_rejects_empty_claim_or_evidence PASSED [ 67%]
team/tests/test_control.py::test_objection_submit_appends_audit_log PASSED [ 68%]
team/tests/test_control.py::test_mentor_response_is_registered PASSED    [ 70%]
team/tests/test_control.py::test_mentor_response_registered_even_when_objection_judged_minor PASSED [ 71%]
team/tests/test_control.py::test_register_mentor_response_requires_known_objection PASSED [ 72%]
team/tests/test_control.py::test_register_mentor_response_rejects_empty_text PASSED [ 74%]
team/tests/test_control.py::test_compare_raises_incomplete_when_only_mentor_submitted PASSED [ 75%]
team/tests/test_control.py::test_compare_raises_incomplete_when_only_controller_submitted PASSED [ 77%]
team/tests/test_control.py::test_compare_raises_incomplete_when_no_verdict_submitted PASSED [ 78%]
team/tests/test_control.py::test_compare_both_major_escalates PASSED     [ 79%]
team/tests/test_control.py::test_compare_both_minor_does_not_escalate PASSED [ 81%]
team/tests/test_control.py::test_compare_divergent_escalates PASSED      [ 82%]
team/tests/test_control.py::test_verdicts_are_written_to_separate_files PASSED [ 83%]
team/tests/test_control.py::test_comparison_is_archived_with_both_verdicts PASSED [ 85%]
team/tests/test_control.py::test_submit_verdict_rejects_unknown_role PASSED [ 86%]
team/tests/test_control.py::test_submit_verdict_rejects_malformed_verdict PASSED [ 87%]
team/tests/test_control.py::test_compare_rejects_empty_obj_id PASSED     [ 89%]
team/tests/test_control.py::test_audit_log_append_returns_hash_and_creates_file PASSED [ 90%]
team/tests/test_control.py::test_audit_log_verify_true_for_untampered_event PASSED [ 91%]
team/tests/test_control.py::test_audit_log_chains_prev_hash PASSED       [ 93%]
team/tests/test_control.py::test_audit_log_verify_false_after_tamper PASSED [ 94%]
team/tests/test_control.py::test_audit_log_verify_false_for_unknown_hash PASSED [ 95%]
team/tests/test_control.py::test_audit_log_verify_false_when_log_missing PASSED [ 97%]
team/tests/test_control.py::test_audit_log_append_rejects_non_dict PASSED [ 98%]
team/tests/test_control.py::test_audit_log_append_is_append_only PASSED  [100%]

============================= 74 passed in 0.39s ==============================
