###############################################################################
# task-10 规则凭证演示日志（compare() 内签发，仅 both_minor）· Owner 直接指令
# 落实 GUARD-01 裁决 b；凭证落 team/agent_state/rule_credentials/<obj_id>.<cred_id>.json
# 唯一解释器：C:\Users\Administrator\.dsh\dsh-runtimes\dsh-primary-runtime\dependencies\python\python.exe
# 本文件按时间顺序由命令执行追加生成，未经人工编辑。
###############################################################################

===== SECTION 1 / S1–S7 规则凭证演示 · 2026-09-30T12:54:09+08:00 =====
PS> "C:\Users\Administrator\.dsh\dsh-runtimes\dsh-primary-runtime\dependencies\python\python.exe" "E:\Socratic_M\team\tests\demo_rule_credential.py"
=== task-10 · compare() 内签发一次性规则凭证（仅 both_minor）===
解释器版本: 3.12.14

==============================================================================
S1 · 隔离根 · both_minor + 任务非常用户裁决 → 签发
==============================================================================
数据根          : C:\Users\Administrator\AppData\Local\Temp\rc-demo-s1-ke2nysg3
obj_id          : OBJ-20260930-001
任务状态        : BLOCKED
outcome/escalate: both_minor / False
cred_id         : RC-20260930-001
凭证目录清单    : ['OBJ-20260930-001.RC-20260930-001.json']
--- 凭证全文 ---
{
  "cred_id": "RC-20260930-001",
  "obj_id": "OBJ-20260930-001",
  "task_id": "TASK-001",
  "kind": "rule_credential",
  "basis": "§8.5 both_minor",
  "outcome": "both_minor",
  "issued_at": "2026-09-30T12:54:09+08:00",
  "issued_by": "dual_judge.compare",
  "consumed": false,
  "consumed_at": null,
  "task_status_at_issue": "BLOCKED",
  "index_source": "C:\\Users\\Administrator\\AppData\\Local\\Temp\\rc-demo-s1-ke2nysg3\\agent_state\\objection_index.json",
  "state_source": "C:\\Users\\Administrator\\AppData\\Local\\Temp\\rc-demo-s1-ke2nysg3\\agent_state\\task_state.json"
}
判定            : PASS —— 已签发

==============================================================================
S2 · 隔离根 · both_major → 不签发
==============================================================================
outcome/escalate: both_major / True
rule_credential : None
跳过原因        : 比对结果 both_major 不签发规则凭证
凭证目录清单    : [] （应为空）
判定            : PASS —— 未签发

==============================================================================
S3 · 隔离根 · divergent → 不签发
==============================================================================
outcome/escalate: divergent / True
rule_credential : None
跳过原因        : 比对结果 divergent 不签发规则凭证
凭证目录清单    : [] （应为空）
判定            : PASS —— 未签发

==============================================================================
S4 · 真实状态值（TASK-001 = 等用户裁决）+ both_minor → 不签发
==============================================================================
真实 task_state.json : { "schema": "task-internal/v1", "tasks": { "TASK-001": { "status": "等用户裁决", "previous_status": "RUNNING", "contract_version": "v2", "updated_at": "2026-09-30T12:43:27+08:00", "state_reason": "S6 重放测试前重新暂停", "paused_at": "2026-09-30T12:43:27+08:00", "approved_by": "Owner", "approval_id": "APR-20260930-001", "approval_scope": "task-9 验证用（非真实授权）" } }, "updated_at": "2026-09-30T12:43:27+08:00" }
真实状态 SHA256      : 10adaff8e9561253e37c598be843ae3b8b04218500ed31dea175d64ece81bcb9
真实索引末条         : obj_id= OBJ-20260930-002  task_id= TASK-001
副本（隔离根）       : C:\Users\Administrator\AppData\Local\Temp\rc-demo-s4-ixjvljo9
副本状态哈希         : 10adaff8e9561253e37c598be843ae3b8b04218500ed31dea175d64ece81bcb9 | 与真实一致: True
副本索引哈希         : 4ac9b9c8bbed0376fbbb24178f87e8ee946f8105628643ada1b4ea2f57071c75 | 与真实一致: True
obj_id               : OBJ-20260930-002 → 真实 task_id: TASK-001
读到的任务状态       : 等用户裁决
outcome/escalate     : both_minor / False
rule_credential      : None
跳过原因             : 任务处于「等用户裁决」：不得签发规则凭证，离开暂停仍须 Owner 批准记录
凭证目录清单         : [] （应为空）
真实状态哈希（后）   : 10adaff8e9561253e37c598be843ae3b8b04218500ed31dea175d64ece81bcb9 | 未变: True
真实索引哈希（后）   : 4ac9b9c8bbed0376fbbb24178f87e8ee946f8105628643ada1b4ea2f57071c75 | 未变: True
真实 verdicts 目录   : 未新增文件: True
判定            : PASS —— 用户裁决中的任务未被规则凭证放行，且真实治理文件零写入

==============================================================================
S5 · 幂等：对 S1 的同一 obj_id 再次 compare → 不重复签发
==============================================================================
再次 compare 前凭证数: 1 ['OBJ-20260930-001.RC-20260930-001.json']
rule_credential      : None
跳过原因             : 该 obj_id 名下已有未消费凭证 OBJ-20260930-001.RC-20260930-001.json（幂等，不重复签发）
再次 compare 后凭证数: 1 ['OBJ-20260930-001.RC-20260930-001.json']
判定            : PASS —— 幂等，凭证数仍为 1

==============================================================================
S6 · fail-closed：索引缺失 / 查不到 obj_id → 不签发
==============================================================================
数据根          : C:\Users\Administrator\AppData\Local\Temp\rc-demo-s6-w961dca6
已删除          : agent_state/objection_index.json
rule_credential : None
跳过原因        : 异议索引中解析不到该 obj_id 的 task_id（fail-closed）
凭证目录清单    : [] （应为空）
判定            : PASS —— fail-closed，未签发

==============================================================================
S7 · 哈希核对（对 evidence/snapshot-before-rule-credential.json）
==============================================================================
CHANGED dual_judge （本次授权变更对象）
        快照: e6c2259abb1540a398b628089e6f3a57f41f61d03caa45f4de27f25062945e61
        现状: 34fa1ae0a61dc70f42781e0c5334ca9776601f1ecacfdffef1c5faf4792e7655
MATCH   state_guard （受保护模块）
MATCH   write_lock （受保护模块）
MATCH   objection （受保护模块）
MATCH   gate （受保护模块）
MATCH   audit_log （非受保护项）
MATCH   taskstate （非受保护项）
MATCH   taskcard （非受保护项）
四个受保护模块全部与快照一致: True
判定            : PASS

==============================================================================
总判定
==============================================================================
PASS  S1 both_minor → 签发
PASS  S2 both_major → 不签发
PASS  S3 divergent → 不签发
PASS  S4 真实状态「等用户裁决」→ 不签发
PASS  S5 幂等（凭证数仍为 1）
PASS  S6 fail-closed → 不签发
PASS  S7 四个受保护模块与快照一致
总判定: PASS
==============================================================================
[exit code: 0]

===== SECTION 2 / 全量测试套件（含新增规则凭证测试） =====
PS> "C:\Users\Administrator\.dsh\dsh-runtimes\dsh-primary-runtime\dependencies\python\python.exe" -m pytest "E:\Socratic_M\team\tests" -v
============================= test session starts =============================
platform win32 -- Python 3.12.14, pytest-9.1.1, pluggy-1.6.0 -- C:\Users\Administrator\.dsh\dsh-runtimes\dsh-primary-runtime\dependencies\python\python.exe
rootdir: E:\Socratic_M
collecting ... collected 187 items

team/tests/test_control.py::test_gate_valid_task_passes_with_no_hits PASSED [  0%]
team/tests/test_control.py::test_g31_blocks_when_contract_not_approved PASSED [  1%]
team/tests/test_control.py::test_g32_blocks_on_version_mismatch PASSED   [  1%]
team/tests/test_control.py::test_g32_blocks_on_write_path_outside_allowed_paths PASSED [  2%]
team/tests/test_control.py::test_g32_blocks_on_path_traversal_escape PASSED [  2%]
team/tests/test_control.py::test_g32_accepts_absolute_path_inside_workspace PASSED [  3%]
team/tests/test_control.py::test_g32_blocks_when_dependencies_not_met PASSED [  3%]
team/tests/test_control.py::test_g33_blocks_when_report_item_missing[changes] PASSED [  4%]
team/tests/test_control.py::test_g33_blocks_when_report_item_missing[test_evidence] PASSED [  4%]
team/tests/test_control.py::test_g33_blocks_when_report_item_missing[risks] PASSED [  5%]
team/tests/test_control.py::test_g33_blocks_when_report_item_missing[deviations] PASSED [  5%]
team/tests/test_control.py::test_g33_blocks_when_report_item_missing[rollback] PASSED [  6%]
team/tests/test_control.py::test_g33_blocks_empty_report_item PASSED     [  6%]
team/tests/test_control.py::test_g33_accepts_chinese_report_keys PASSED  [  7%]
team/tests/test_control.py::test_g33_blocks_acceptance_without_report PASSED [  8%]
team/tests/test_control.py::test_g34_blocks_when_change_pending_affects_task PASSED [  8%]
team/tests/test_control.py::test_g34_not_hit_when_change_does_not_affect_task PASSED [  9%]
team/tests/test_control.py::test_g35_triggers_on_budget_exceeded PASSED  [  9%]
team/tests/test_control.py::test_g35_triggers_on_rework_over_limit PASSED [ 10%]
team/tests/test_control.py::test_g35_not_hit_at_rework_equal_to_limit PASSED [ 10%]
team/tests/test_control.py::test_g35_triggers_on_risk_over_threshold PASSED [ 11%]
team/tests/test_control.py::test_g36_blocks_illegal_transition_submitted_to_running PASSED [ 11%]
team/tests/test_control.py::test_g36_accepts_legal_transition_draft_to_auditing PASSED [ 12%]
team/tests/test_control.py::test_g36_accepts_v2_added_transition_ready_to_blocked PASSED [ 12%]
team/tests/test_control.py::test_g36_accepts_v2_added_transition_auditing_to_blocked PASSED [ 13%]
team/tests/test_control.py::test_g36_accepts_blocked_returning_to_previous_state PASSED [ 13%]
team/tests/test_control.py::test_g36_rejects_blocked_to_state_it_could_not_come_from PASSED [ 14%]
team/tests/test_control.py::test_g36_rejects_blocked_to_state_conflicting_with_blocked_from PASSED [ 14%]
team/tests/test_control.py::test_g36_transition_check_appends_audit_log PASSED [ 15%]
team/tests/test_control.py::test_g37_blocks_when_awaiting_user_decision_and_not_paused PASSED [ 16%]
team/tests/test_control.py::test_g37_not_hit_when_awaiting_user_decision_and_paused PASSED [ 16%]
team/tests/test_control.py::test_g37_not_hit_when_paused_by_state_without_is_paused_flag PASSED [ 17%]
team/tests/test_control.py::test_g37_not_hit_when_no_user_decision_pending PASSED [ 17%]
team/tests/test_control.py::test_gate_rule_ids_cover_all_seven_gates PASSED [ 18%]
team/tests/test_control.py::test_package_workspace_base_and_default_data_root_are_correct PASSED [ 18%]
team/tests/test_control.py::test_gate_hits_are_ordered_and_reasons_match PASSED [ 19%]
team/tests/test_control.py::test_gate_rejects_non_dict_task PASSED       [ 19%]
team/tests/test_control.py::test_gate_source_cites_baseline_defect_v1_4_err_01 PASSED [ 20%]
team/tests/test_control.py::test_g36_erratum_accepts_rework_to_running PASSED [ 20%]
team/tests/test_control.py::test_g36_erratum_accepts_escalated_to_ready PASSED [ 21%]
team/tests/test_control.py::test_g36_erratum_accepts_escalated_to_blocked PASSED [ 21%]
team/tests/test_control.py::test_g36_erratum_transition_set_is_exactly_v2_plus_three PASSED [ 22%]
team/tests/test_control.py::test_g36_erratum_does_not_liberalize_other_dead_ends PASSED [ 22%]
team/tests/test_control.py::test_g36_erratum_keeps_submitted_to_running_illegal PASSED [ 23%]
team/tests/test_control.py::test_gate_source_cites_baseline_defect_v1_4_err_02 PASSED [ 24%]
team/tests/test_control.py::test_objection_id_is_generated_with_expected_format PASSED [ 24%]
team/tests/test_control.py::test_objection_id_increments_per_submission PASSED [ 25%]
team/tests/test_control.py::test_objection_id_cannot_be_supplied_externally PASSED [ 25%]
team/tests/test_control.py::test_objection_submit_has_no_obj_id_parameter PASSED [ 26%]
team/tests/test_control.py::test_objection_submit_sets_task_blocked PASSED [ 26%]
team/tests/test_control.py::test_objection_submit_records_previous_status PASSED [ 27%]
team/tests/test_control.py::test_objection_writes_record_into_proposals PASSED [ 27%]
team/tests/test_control.py::test_objection_appends_index_entry PASSED    [ 28%]
team/tests/test_control.py::test_objection_invalidates_unknown_sets_mentor_verdict_plan_flag PASSED [ 28%]
team/tests/test_control.py::test_objection_invalidates_is_required PASSED [ 29%]
team/tests/test_control.py::test_objection_kind_is_validated PASSED      [ 29%]
team/tests/test_control.py::test_objection_rejects_empty_claim_or_evidence PASSED [ 30%]
team/tests/test_control.py::test_objection_submit_appends_audit_log PASSED [ 31%]
team/tests/test_control.py::test_mentor_response_is_registered PASSED    [ 31%]
team/tests/test_control.py::test_mentor_response_registered_even_when_objection_judged_minor PASSED [ 32%]
team/tests/test_control.py::test_register_mentor_response_requires_known_objection PASSED [ 32%]
team/tests/test_control.py::test_register_mentor_response_rejects_empty_text PASSED [ 33%]
team/tests/test_control.py::test_seal_writes_only_commitment_and_no_plaintext PASSED [ 33%]
team/tests/test_control.py::test_read_verdict_denied_after_single_seal PASSED [ 34%]
team/tests/test_control.py::test_read_verdict_denied_after_both_seals_without_reveal PASSED [ 34%]
team/tests/test_control.py::test_compare_denied_after_single_seal PASSED [ 35%]
team/tests/test_control.py::test_compare_denied_after_both_seals_without_reveal PASSED [ 35%]
team/tests/test_control.py::test_reveal_denied_without_seal PASSED       [ 36%]
team/tests/test_control.py::test_reveal_with_wrong_verdict_raises_mismatch_and_writes_no_plaintext PASSED [ 36%]
team/tests/test_control.py::test_single_reveal_writes_no_plaintext PASSED [ 37%]
team/tests/test_control.py::test_read_verdict_available_only_after_both_reveals PASSED [ 37%]
team/tests/test_control.py::test_reveal_is_idempotent PASSED             [ 38%]
team/tests/test_control.py::test_reseal_is_rejected PASSED               [ 39%]
team/tests/test_control.py::test_sealed_verdict_is_also_incomplete_judgment PASSED [ 39%]
team/tests/test_control.py::test_compare_both_major_escalates PASSED     [ 40%]
team/tests/test_control.py::test_compare_both_minor_does_not_escalate PASSED [ 40%]
team/tests/test_control.py::test_compare_divergent_escalates PASSED      [ 41%]
team/tests/test_control.py::test_opened_verdicts_are_written_to_separate_files PASSED [ 41%]
team/tests/test_control.py::test_comparison_is_archived_with_both_verdicts PASSED [ 42%]
team/tests/test_control.py::test_submit_verdict_alias_now_seals_without_plaintext PASSED [ 42%]
team/tests/test_control.py::test_seal_rejects_unknown_role PASSED        [ 43%]
team/tests/test_control.py::test_seal_rejects_malformed_verdict PASSED   [ 43%]
team/tests/test_control.py::test_compare_rejects_empty_obj_id PASSED     [ 44%]
team/tests/test_control.py::test_compare_issues_rule_credential_on_both_minor PASSED [ 44%]
team/tests/test_control.py::test_compare_keeps_outcome_and_escalate_semantics PASSED [ 45%]
team/tests/test_control.py::test_compare_does_not_issue_credential_on_both_major PASSED [ 45%]
team/tests/test_control.py::test_compare_does_not_issue_credential_on_divergent PASSED [ 46%]
team/tests/test_control.py::test_compare_does_not_issue_credential_when_awaiting_user_ruling PASSED [ 47%]
team/tests/test_control.py::test_compare_credential_is_idempotent PASSED [ 47%]
team/tests/test_control.py::test_compare_issues_new_credential_after_previous_consumed PASSED [ 48%]
team/tests/test_control.py::test_compare_credential_fail_closed_when_obj_id_not_in_index PASSED [ 48%]
team/tests/test_control.py::test_compare_credential_fail_closed_when_index_corrupt PASSED [ 49%]
team/tests/test_control.py::test_compare_credential_fail_closed_when_state_file_missing PASSED [ 49%]
team/tests/test_control.py::test_compare_credential_fail_closed_when_task_record_missing PASSED [ 50%]
team/tests/test_control.py::test_sealed_compare_issues_nothing PASSED    [ 50%]
team/tests/test_control.py::test_audit_log_append_returns_hash_and_creates_file PASSED [ 51%]
team/tests/test_control.py::test_audit_log_verify_true_for_untampered_event PASSED [ 51%]
team/tests/test_control.py::test_audit_log_chains_prev_hash PASSED       [ 52%]
team/tests/test_control.py::test_audit_log_verify_false_after_tamper PASSED [ 52%]
team/tests/test_control.py::test_audit_log_verify_false_for_unknown_hash PASSED [ 53%]
team/tests/test_control.py::test_audit_log_verify_false_when_log_missing PASSED [ 54%]
team/tests/test_control.py::test_audit_log_append_rejects_non_dict PASSED [ 54%]
team/tests/test_control.py::test_audit_log_append_is_append_only PASSED  [ 55%]
team/tests/test_state_guard.py::test_set_paused_needs_no_approval PASSED [ 55%]
team/tests/test_state_guard.py::test_set_paused_is_allowed_from_any_state PASSED [ 56%]
team/tests/test_state_guard.py::test_set_paused_requires_reason PASSED   [ 56%]
team/tests/test_state_guard.py::test_record_user_approval_writes_exact_fields PASSED [ 57%]
team/tests/test_state_guard.py::test_record_user_approval_ids_increment PASSED [ 57%]
team/tests/test_state_guard.py::test_forged_approver_is_rejected_and_nothing_is_written[Mentor] PASSED [ 58%]
team/tests/test_state_guard.py::test_forged_approver_is_rejected_and_nothing_is_written[mentor] PASSED [ 58%]
team/tests/test_state_guard.py::test_forged_approver_is_rejected_and_nothing_is_written[Controller] PASSED [ 59%]
team/tests/test_state_guard.py::test_forged_approver_is_rejected_and_nothing_is_written[Executor] PASSED [ 59%]
team/tests/test_state_guard.py::test_forged_approver_is_rejected_and_nothing_is_written[owner] PASSED [ 60%]
team/tests/test_state_guard.py::test_forged_approver_is_rejected_and_nothing_is_written[OWNER] PASSED [ 60%]
team/tests/test_state_guard.py::test_forged_approver_is_rejected_and_nothing_is_written[system] PASSED [ 61%]
team/tests/test_state_guard.py::test_forged_approver_is_rejected_and_nothing_is_written[] PASSED [ 62%]
team/tests/test_state_guard.py::test_record_user_approval_rejects_empty_scope_or_statement PASSED [ 62%]
team/tests/test_state_guard.py::test_record_user_approval_does_not_accept_caller_supplied_id PASSED [ 63%]
team/tests/test_state_guard.py::test_no_path_to_executable_without_approval[READY] PASSED [ 63%]
team/tests/test_state_guard.py::test_no_path_to_executable_without_approval[RUNNING] PASSED [ 64%]
team/tests/test_state_guard.py::test_every_paused_state_requires_approval_for_running[AWAITING_USER_RULING] PASSED [ 64%]
team/tests/test_state_guard.py::test_every_paused_state_requires_approval_for_running[BLOCKED] PASSED [ 65%]
team/tests/test_state_guard.py::test_every_paused_state_requires_approval_for_running[ESCALATED] PASSED [ 65%]
team/tests/test_state_guard.py::test_every_paused_state_requires_approval_for_running[\u7b49\u7528\u6237\u88c1\u51b3] PASSED [ 66%]
team/tests/test_state_guard.py::test_leaving_pause_to_non_executable_also_requires_approval PASSED [ 66%]
team/tests/test_state_guard.py::test_multi_hop_bypass_is_closed_end_to_end PASSED [ 67%]
team/tests/test_state_guard.py::test_unknown_task_fails_closed PASSED    [ 67%]
team/tests/test_state_guard.py::test_missing_approval_record_is_rejected PASSED [ 68%]
team/tests/test_state_guard.py::test_approval_for_another_task_is_rejected PASSED [ 68%]
team/tests/test_state_guard.py::test_approval_with_non_owner_author_in_record_is_rejected PASSED [ 69%]
team/tests/test_state_guard.py::test_consumed_approval_cannot_be_replayed PASSED [ 70%]
team/tests/test_state_guard.py::test_valid_approval_unlocks_paused_to_running PASSED [ 70%]
team/tests/test_state_guard.py::test_valid_approval_unlocks_paused_to_ready PASSED [ 71%]
team/tests/test_state_guard.py::test_approval_consumed_before_state_write PASSED [ 71%]
team/tests/test_state_guard.py::test_normal_transition_needs_no_approval PASSED [ 72%]
team/tests/test_state_guard.py::test_ready_to_running_needs_no_approval PASSED [ 72%]
team/tests/test_state_guard.py::test_illegal_non_paused_transition_is_rejected PASSED [ 73%]
team/tests/test_state_guard.py::test_unknown_target_state_is_rejected PASSED [ 73%]
team/tests/test_state_guard.py::test_guard_table_matches_gate_for_all_non_paused_pairs PASSED [ 74%]
team/tests/test_state_guard.py::test_state_writes_are_audited PASSED     [ 74%]
team/tests/test_state_guard.py::test_denials_are_audited_without_touching_state PASSED [ 75%]
team/tests/test_write_lock.py::test_denies_when_authoritative_status_is_blocked PASSED [ 75%]
team/tests/test_write_lock.py::test_lying_caller_is_denied PASSED        [ 76%]
team/tests/test_write_lock.py::test_all_caller_supplied_state_spellings_are_ignored[caller_state0] PASSED [ 77%]
team/tests/test_write_lock.py::test_all_caller_supplied_state_spellings_are_ignored[caller_state1] PASSED [ 77%]
team/tests/test_write_lock.py::test_all_caller_supplied_state_spellings_are_ignored[caller_state2] PASSED [ 78%]
team/tests/test_write_lock.py::test_all_caller_supplied_state_spellings_are_ignored[RUNNING] PASSED [ 78%]
team/tests/test_write_lock.py::test_all_caller_supplied_state_spellings_are_ignored[caller_state4] PASSED [ 79%]
team/tests/test_write_lock.py::test_denies_when_authoritative_file_missing PASSED [ 79%]
team/tests/test_write_lock.py::test_denies_when_authoritative_file_unreadable_or_malformed[{ this is not json] PASSED [ 80%]
team/tests/test_write_lock.py::test_denies_when_authoritative_file_unreadable_or_malformed[] PASSED [ 80%]
team/tests/test_write_lock.py::test_denies_when_authoritative_file_unreadable_or_malformed[[]] PASSED [ 81%]
team/tests/test_write_lock.py::test_denies_when_authoritative_file_unreadable_or_malformed["just a string"] PASSED [ 81%]
team/tests/test_write_lock.py::test_denies_when_tasks_object_missing PASSED [ 82%]
team/tests/test_write_lock.py::test_denies_when_task_id_not_in_authoritative_file PASSED [ 82%]
team/tests/test_write_lock.py::test_denies_when_status_missing_or_invalid[record0] PASSED [ 83%]
team/tests/test_write_lock.py::test_denies_when_status_missing_or_invalid[record1] PASSED [ 83%]
team/tests/test_write_lock.py::test_denies_when_status_missing_or_invalid[record2] PASSED [ 84%]
team/tests/test_write_lock.py::test_denies_when_status_missing_or_invalid[record3] PASSED [ 85%]
team/tests/test_write_lock.py::test_denies_when_status_missing_or_invalid[record4] PASSED [ 85%]
team/tests/test_write_lock.py::test_denies_when_status_missing_or_invalid[record5] PASSED [ 86%]
team/tests/test_write_lock.py::test_denies_when_status_missing_or_invalid[not-a-dict] PASSED [ 86%]
team/tests/test_write_lock.py::test_denies_when_task_id_is_not_a_valid_selector[] PASSED [ 87%]
team/tests/test_write_lock.py::test_denies_when_task_id_is_not_a_valid_selector[   ] PASSED [ 87%]
team/tests/test_write_lock.py::test_denies_when_task_id_is_not_a_valid_selector[None] PASSED [ 88%]
team/tests/test_write_lock.py::test_denies_when_task_id_is_not_a_valid_selector[123] PASSED [ 88%]
team/tests/test_write_lock.py::test_denies_when_task_id_is_not_a_valid_selector[bad_task_id4] PASSED [ 89%]
team/tests/test_write_lock.py::test_denial_never_opens_target PASSED     [ 89%]
team/tests/test_write_lock.py::test_denial_creates_no_temp_file PASSED   [ 90%]
team/tests/test_write_lock.py::test_denial_record_names_state_source_and_ignored_caller_value PASSED [ 90%]
team/tests/test_write_lock.py::test_denial_message_states_caller_value_is_ignored PASSED [ 91%]
team/tests/test_write_lock.py::test_denial_message_notes_when_no_caller_state_passed PASSED [ 91%]
team/tests/test_write_lock.py::test_denial_records_accumulate_in_chain PASSED [ 92%]
team/tests/test_write_lock.py::test_allows_when_authoritative_status_is_running PASSED [ 93%]
team/tests/test_write_lock.py::test_caller_claiming_blocked_does_not_prevent_allowed_write PASSED [ 93%]
team/tests/test_write_lock.py::test_task_id_selects_the_right_record PASSED [ 94%]
team/tests/test_write_lock.py::test_allowed_write_uses_atomic_replace PASSED [ 94%]
team/tests/test_write_lock.py::test_allowed_write_creates_missing_parent_directories PASSED [ 95%]
team/tests/test_write_lock.py::test_allowed_write_accepts_bytes_content PASSED [ 95%]
team/tests/test_write_lock.py::test_task_id_is_a_required_keyword PASSED [ 96%]
team/tests/test_write_lock.py::test_read_authoritative_status_returns_running PASSED [ 96%]
team/tests/test_write_lock.py::test_read_authoritative_status_raises_on_unusable_source PASSED [ 97%]
team/tests/test_write_lock.py::test_state_source_path_matches_objection_convention PASSED [ 97%]
team/tests/test_write_lock.py::test_exempt_comment_is_documented_in_source PASSED [ 98%]
team/tests/test_write_lock.py::test_selector_vs_state_assertion_is_documented_in_source PASSED [ 98%]
team/tests/test_write_lock.py::test_module_does_not_import_or_patch_other_writers PASSED [ 99%]
team/tests/test_write_lock.py::test_other_modules_are_untouched_by_this_task PASSED [100%]

============================= 187 passed in 1.33s =============================
[exit code: 0]
