###############################################################################
# task-11 规则凭证消费端演示日志（只能开 BLOCKED 这扇门）· Owner 直接指令
# 闭 CRED-01：task-10 只做了发证端，本轮补上消费端
# 唯一解释器：C:\Users\Administrator\.dsh\dsh-runtimes\dsh-primary-runtime\dependencies\python\python.exe
# 本文件按时间顺序由命令执行追加生成，未经人工编辑。
###############################################################################

===== SECTION 1 / S1–S10 消费端演示 · 2026-09-30T13:04:15+08:00 =====
PS> "C:\Users\Administrator\.dsh\dsh-runtimes\dsh-primary-runtime\dependencies\python\python.exe" "E:\Socratic_M\team\tests\demo_credential_consumer.py"
=== task-11 · 规则凭证消费端：只能开 BLOCKED 这一扇门 ===
解释器版本: 3.12.14

==============================================================================
S1 · BLOCKED + 有效未消费凭证 → 放行（并消费）
==============================================================================
数据根          : C:\Users\Administrator\AppData\Local\Temp\cc-demo-s1-3ax986qo
凭证来源        : 真实 dual_judge.compare()（both_minor）签发
消费前: cred_id=RC-20260930-001 issued_by=dual_judge.compare basis='§8.5 both_minor' task_id=TASK-001 consumed=False
当前状态        : BLOCKED
request_transition 返回: {"status": "RUNNING", "previous_status": "BLOCKED", "rule_credential_id": "RC-20260930-001", "rule_credential_consumed": true}
读回状态        : RUNNING
消费后: cred_id=RC-20260930-001 issued_by=dual_judge.compare basis='§8.5 both_minor' task_id=TASK-001 consumed=True
判定            : PASS —— 放行且凭证被消费

==============================================================================
S2 · 再用同一张凭证 → 拒绝（一次性）
==============================================================================
  同一张凭证重放: 抛出 CredentialConsumed
      规则凭证 RC-20260930-001 已被消费（一次性，用一次就作废）→ 拒绝重放，且不改状态文件。
  状态文件哈希    : e82d5064a0c2e560… → e82d5064a0c2e560… | 未变: True
判定            : PASS —— 一次性凭证不可重放

==============================================================================
S3 · ESCALATED + 有效凭证 → 拒绝
==============================================================================
所持凭证: cred_id=RC-20260930-001 issued_by=dual_judge.compare basis='§8.5 both_minor' task_id=TASK-001 consumed=False
  ESCALATED + 凭证: 抛出 CredentialNotAllowed
      规则凭证只能用于离开 BLOCKED，当前状态是 'ESCALATED' → 拒绝，且不改状态文件。
  状态文件哈希    : 126b028e7914f464… → 126b028e7914f464… | 未变: True
判定            : PASS —— 凭证没能打开 ESCALATED

==============================================================================
S4 · CHANGE_PENDING + 有效凭证 → 拒绝
==============================================================================
所持凭证: cred_id=RC-20260930-001 issued_by=dual_judge.compare basis='§8.5 both_minor' task_id=TASK-001 consumed=False
  CHANGE_PENDING + 凭证: 抛出 CredentialNotAllowed
      规则凭证只能用于离开 BLOCKED，当前状态是 'CHANGE_PENDING' → 拒绝，且不改状态文件。
  状态文件哈希    : dc78e569832c4c56… → dc78e569832c4c56… | 未变: True
判定            : PASS —— 凭证没能打开 CHANGE_PENDING

==============================================================================
S5 · 「等用户裁决」+ 有效凭证 → 拒绝（Owner 点名口径）
==============================================================================
所持凭证: cred_id=RC-20260930-001 issued_by=dual_judge.compare basis='§8.5 both_minor' task_id=TASK-001 consumed=False
  等用户裁决 + 凭证: 抛出 CredentialNotAllowed
      规则凭证只能用于离开 BLOCKED，当前状态是 '等用户裁决' → 拒绝，且不改状态文件。
  状态文件哈希    : 1791a4ab7c8c88be… → 1791a4ab7c8c88be… | 未变: True
判定            : PASS —— 用户决策中的任务不会被规则凭证放行

==============================================================================
S6 · 凭证 task_id 与目标任务不一致 → 拒绝
==============================================================================
所持凭证（属于 TASK-OTHER）: cred_id=RC-20260930-001 issued_by=dual_judge.compare basis='§8.5 both_minor' task_id=TASK-OTHER consumed=False
  TASK-001 使用他任务的凭证: 抛出 CredentialMismatch
      凭证 task_id='TASK-OTHER' 与目标任务 'TASK-001' 不一致 → 拒绝，且不改状态文件。
  状态文件哈希    : e82d5064a0c2e560… → e82d5064a0c2e560… | 未变: True
判定            : PASS —— task_id 不符被拒

==============================================================================
S7 · 不存在的 cred_id → 拒绝（fail-closed）
==============================================================================
  抛出 CredentialNotFound
      规则凭证按 cred_id='RC-20991231-999' 唯一匹配失败：命中 0 个 → 拒绝（fail-closed，不猜）→ 且不改状态文件。
判定            : PASS —— 查不到即拒绝

==============================================================================
S8 · 两个都没给 → ApprovalRequired（既有行为不变）
==============================================================================
  抛出 ApprovalRequired
      从暂停类状态解暂停必须有用户批准记录：当前任务 TASK-001 处于暂停类，未提供 approval_id → 拒绝，且不写盘。
判定            : PASS —— 既有行为未变

==============================================================================
S9 · Owner 批准记录路径仍可用（既有行为不变）
==============================================================================
approval_id     : APR-20260930-001
返回 status     : RUNNING | approval_required: True
读回状态        : RUNNING
凭证消费字段    : False （批准路径不该动凭证）
判定            : PASS —— 批准路径未受影响

==============================================================================
S10 · 哈希核对（对 evidence/snapshot-before-credential-consumer.json）
==============================================================================
CHANGED state_guard （本次授权变更对象）
MATCH   dual_judge （受保护模块）
MATCH   write_lock （受保护模块）
MATCH   objection （受保护模块）
MATCH   gate （受保护模块）
MATCH   audit_log
MATCH   taskstate
MATCH   taskcard
四个受保护模块全部与快照一致: True
判定            : PASS

==============================================================================
真实工作区核对（演示全在隔离根）
==============================================================================
真实 task_state.json 哈希: 10adaff8e9561253e37c598be843ae3b8b04218500ed31dea175d64ece81bcb9
                      （后）: 10adaff8e9561253e37c598be843ae3b8b04218500ed31dea175d64ece81bcb9
未被改动          : True

==============================================================================
总判定
==============================================================================
PASS  S1 BLOCKED + 凭证 → 放行并消费
PASS  S2 同一张凭证重放 → 拒绝
PASS  S3 ESCALATED + 凭证 → 拒绝
PASS  S4 CHANGE_PENDING + 凭证 → 拒绝
PASS  S5 等用户裁决 + 凭证 → 拒绝
PASS  S6 task_id 不符 → 拒绝
PASS  S7 cred_id 不存在 → 拒绝
PASS  S8 都没给 → ApprovalRequired
PASS  S9 Owner 批准路径仍可用
PASS  S10 四个受保护模块与快照一致
总判定: PASS
==============================================================================
[exit code: 0]

===== SECTION 2 / 全量测试套件（含新增消费端测试） =====
PS> "C:\Users\Administrator\.dsh\dsh-runtimes\dsh-primary-runtime\dependencies\python\python.exe" -m pytest "E:\Socratic_M\team\tests" -v
============================= test session starts =============================
platform win32 -- Python 3.12.14, pytest-9.1.1, pluggy-1.6.0 -- C:\Users\Administrator\.dsh\dsh-runtimes\dsh-primary-runtime\dependencies\python\python.exe
rootdir: E:\Socratic_M
collecting ... collected 207 items

team/tests/test_control.py::test_gate_valid_task_passes_with_no_hits PASSED [  0%]
team/tests/test_control.py::test_g31_blocks_when_contract_not_approved PASSED [  0%]
team/tests/test_control.py::test_g32_blocks_on_version_mismatch PASSED   [  1%]
team/tests/test_control.py::test_g32_blocks_on_write_path_outside_allowed_paths PASSED [  1%]
team/tests/test_control.py::test_g32_blocks_on_path_traversal_escape PASSED [  2%]
team/tests/test_control.py::test_g32_accepts_absolute_path_inside_workspace PASSED [  2%]
team/tests/test_control.py::test_g32_blocks_when_dependencies_not_met PASSED [  3%]
team/tests/test_control.py::test_g33_blocks_when_report_item_missing[changes] PASSED [  3%]
team/tests/test_control.py::test_g33_blocks_when_report_item_missing[test_evidence] PASSED [  4%]
team/tests/test_control.py::test_g33_blocks_when_report_item_missing[risks] PASSED [  4%]
team/tests/test_control.py::test_g33_blocks_when_report_item_missing[deviations] PASSED [  5%]
team/tests/test_control.py::test_g33_blocks_when_report_item_missing[rollback] PASSED [  5%]
team/tests/test_control.py::test_g33_blocks_empty_report_item PASSED     [  6%]
team/tests/test_control.py::test_g33_accepts_chinese_report_keys PASSED  [  6%]
team/tests/test_control.py::test_g33_blocks_acceptance_without_report PASSED [  7%]
team/tests/test_control.py::test_g34_blocks_when_change_pending_affects_task PASSED [  7%]
team/tests/test_control.py::test_g34_not_hit_when_change_does_not_affect_task PASSED [  8%]
team/tests/test_control.py::test_g35_triggers_on_budget_exceeded PASSED  [  8%]
team/tests/test_control.py::test_g35_triggers_on_rework_over_limit PASSED [  9%]
team/tests/test_control.py::test_g35_not_hit_at_rework_equal_to_limit PASSED [  9%]
team/tests/test_control.py::test_g35_triggers_on_risk_over_threshold PASSED [ 10%]
team/tests/test_control.py::test_g36_blocks_illegal_transition_submitted_to_running PASSED [ 10%]
team/tests/test_control.py::test_g36_accepts_legal_transition_draft_to_auditing PASSED [ 11%]
team/tests/test_control.py::test_g36_accepts_v2_added_transition_ready_to_blocked PASSED [ 11%]
team/tests/test_control.py::test_g36_accepts_v2_added_transition_auditing_to_blocked PASSED [ 12%]
team/tests/test_control.py::test_g36_accepts_blocked_returning_to_previous_state PASSED [ 12%]
team/tests/test_control.py::test_g36_rejects_blocked_to_state_it_could_not_come_from PASSED [ 13%]
team/tests/test_control.py::test_g36_rejects_blocked_to_state_conflicting_with_blocked_from PASSED [ 13%]
team/tests/test_control.py::test_g36_transition_check_appends_audit_log PASSED [ 14%]
team/tests/test_control.py::test_g37_blocks_when_awaiting_user_decision_and_not_paused PASSED [ 14%]
team/tests/test_control.py::test_g37_not_hit_when_awaiting_user_decision_and_paused PASSED [ 14%]
team/tests/test_control.py::test_g37_not_hit_when_paused_by_state_without_is_paused_flag PASSED [ 15%]
team/tests/test_control.py::test_g37_not_hit_when_no_user_decision_pending PASSED [ 15%]
team/tests/test_control.py::test_gate_rule_ids_cover_all_seven_gates PASSED [ 16%]
team/tests/test_control.py::test_package_workspace_base_and_default_data_root_are_correct PASSED [ 16%]
team/tests/test_control.py::test_gate_hits_are_ordered_and_reasons_match PASSED [ 17%]
team/tests/test_control.py::test_gate_rejects_non_dict_task PASSED       [ 17%]
team/tests/test_control.py::test_gate_source_cites_baseline_defect_v1_4_err_01 PASSED [ 18%]
team/tests/test_control.py::test_g36_erratum_accepts_rework_to_running PASSED [ 18%]
team/tests/test_control.py::test_g36_erratum_accepts_escalated_to_ready PASSED [ 19%]
team/tests/test_control.py::test_g36_erratum_accepts_escalated_to_blocked PASSED [ 19%]
team/tests/test_control.py::test_g36_erratum_transition_set_is_exactly_v2_plus_three PASSED [ 20%]
team/tests/test_control.py::test_g36_erratum_does_not_liberalize_other_dead_ends PASSED [ 20%]
team/tests/test_control.py::test_g36_erratum_keeps_submitted_to_running_illegal PASSED [ 21%]
team/tests/test_control.py::test_gate_source_cites_baseline_defect_v1_4_err_02 PASSED [ 21%]
team/tests/test_control.py::test_objection_id_is_generated_with_expected_format PASSED [ 22%]
team/tests/test_control.py::test_objection_id_increments_per_submission PASSED [ 22%]
team/tests/test_control.py::test_objection_id_cannot_be_supplied_externally PASSED [ 23%]
team/tests/test_control.py::test_objection_submit_has_no_obj_id_parameter PASSED [ 23%]
team/tests/test_control.py::test_objection_submit_sets_task_blocked PASSED [ 24%]
team/tests/test_control.py::test_objection_submit_records_previous_status PASSED [ 24%]
team/tests/test_control.py::test_objection_writes_record_into_proposals PASSED [ 25%]
team/tests/test_control.py::test_objection_appends_index_entry PASSED    [ 25%]
team/tests/test_control.py::test_objection_invalidates_unknown_sets_mentor_verdict_plan_flag PASSED [ 26%]
team/tests/test_control.py::test_objection_invalidates_is_required PASSED [ 26%]
team/tests/test_control.py::test_objection_kind_is_validated PASSED      [ 27%]
team/tests/test_control.py::test_objection_rejects_empty_claim_or_evidence PASSED [ 27%]
team/tests/test_control.py::test_objection_submit_appends_audit_log PASSED [ 28%]
team/tests/test_control.py::test_mentor_response_is_registered PASSED    [ 28%]
team/tests/test_control.py::test_mentor_response_registered_even_when_objection_judged_minor PASSED [ 28%]
team/tests/test_control.py::test_register_mentor_response_requires_known_objection PASSED [ 29%]
team/tests/test_control.py::test_register_mentor_response_rejects_empty_text PASSED [ 29%]
team/tests/test_control.py::test_seal_writes_only_commitment_and_no_plaintext PASSED [ 30%]
team/tests/test_control.py::test_read_verdict_denied_after_single_seal PASSED [ 30%]
team/tests/test_control.py::test_read_verdict_denied_after_both_seals_without_reveal PASSED [ 31%]
team/tests/test_control.py::test_compare_denied_after_single_seal PASSED [ 31%]
team/tests/test_control.py::test_compare_denied_after_both_seals_without_reveal PASSED [ 32%]
team/tests/test_control.py::test_reveal_denied_without_seal PASSED       [ 32%]
team/tests/test_control.py::test_reveal_with_wrong_verdict_raises_mismatch_and_writes_no_plaintext PASSED [ 33%]
team/tests/test_control.py::test_single_reveal_writes_no_plaintext PASSED [ 33%]
team/tests/test_control.py::test_read_verdict_available_only_after_both_reveals PASSED [ 34%]
team/tests/test_control.py::test_reveal_is_idempotent PASSED             [ 34%]
team/tests/test_control.py::test_reseal_is_rejected PASSED               [ 35%]
team/tests/test_control.py::test_sealed_verdict_is_also_incomplete_judgment PASSED [ 35%]
team/tests/test_control.py::test_compare_both_major_escalates PASSED     [ 36%]
team/tests/test_control.py::test_compare_both_minor_does_not_escalate PASSED [ 36%]
team/tests/test_control.py::test_compare_divergent_escalates PASSED      [ 37%]
team/tests/test_control.py::test_opened_verdicts_are_written_to_separate_files PASSED [ 37%]
team/tests/test_control.py::test_comparison_is_archived_with_both_verdicts PASSED [ 38%]
team/tests/test_control.py::test_submit_verdict_alias_now_seals_without_plaintext PASSED [ 38%]
team/tests/test_control.py::test_seal_rejects_unknown_role PASSED        [ 39%]
team/tests/test_control.py::test_seal_rejects_malformed_verdict PASSED   [ 39%]
team/tests/test_control.py::test_compare_rejects_empty_obj_id PASSED     [ 40%]
team/tests/test_control.py::test_compare_issues_rule_credential_on_both_minor PASSED [ 40%]
team/tests/test_control.py::test_compare_keeps_outcome_and_escalate_semantics PASSED [ 41%]
team/tests/test_control.py::test_compare_does_not_issue_credential_on_both_major PASSED [ 41%]
team/tests/test_control.py::test_compare_does_not_issue_credential_on_divergent PASSED [ 42%]
team/tests/test_control.py::test_compare_does_not_issue_credential_when_awaiting_user_ruling PASSED [ 42%]
team/tests/test_control.py::test_compare_credential_is_idempotent PASSED [ 42%]
team/tests/test_control.py::test_compare_issues_new_credential_after_previous_consumed PASSED [ 43%]
team/tests/test_control.py::test_compare_credential_fail_closed_when_obj_id_not_in_index PASSED [ 43%]
team/tests/test_control.py::test_compare_credential_fail_closed_when_index_corrupt PASSED [ 44%]
team/tests/test_control.py::test_compare_credential_fail_closed_when_state_file_missing PASSED [ 44%]
team/tests/test_control.py::test_compare_credential_fail_closed_when_task_record_missing PASSED [ 45%]
team/tests/test_control.py::test_sealed_compare_issues_nothing PASSED    [ 45%]
team/tests/test_control.py::test_audit_log_append_returns_hash_and_creates_file PASSED [ 46%]
team/tests/test_control.py::test_audit_log_verify_true_for_untampered_event PASSED [ 46%]
team/tests/test_control.py::test_audit_log_chains_prev_hash PASSED       [ 47%]
team/tests/test_control.py::test_audit_log_verify_false_after_tamper PASSED [ 47%]
team/tests/test_control.py::test_audit_log_verify_false_for_unknown_hash PASSED [ 48%]
team/tests/test_control.py::test_audit_log_verify_false_when_log_missing PASSED [ 48%]
team/tests/test_control.py::test_audit_log_append_rejects_non_dict PASSED [ 49%]
team/tests/test_control.py::test_audit_log_append_is_append_only PASSED  [ 49%]
team/tests/test_state_guard.py::test_set_paused_needs_no_approval PASSED [ 50%]
team/tests/test_state_guard.py::test_set_paused_is_allowed_from_any_state PASSED [ 50%]
team/tests/test_state_guard.py::test_set_paused_requires_reason PASSED   [ 51%]
team/tests/test_state_guard.py::test_record_user_approval_writes_exact_fields PASSED [ 51%]
team/tests/test_state_guard.py::test_record_user_approval_ids_increment PASSED [ 52%]
team/tests/test_state_guard.py::test_forged_approver_is_rejected_and_nothing_is_written[Mentor] PASSED [ 52%]
team/tests/test_state_guard.py::test_forged_approver_is_rejected_and_nothing_is_written[mentor] PASSED [ 53%]
team/tests/test_state_guard.py::test_forged_approver_is_rejected_and_nothing_is_written[Controller] PASSED [ 53%]
team/tests/test_state_guard.py::test_forged_approver_is_rejected_and_nothing_is_written[Executor] PASSED [ 54%]
team/tests/test_state_guard.py::test_forged_approver_is_rejected_and_nothing_is_written[owner] PASSED [ 54%]
team/tests/test_state_guard.py::test_forged_approver_is_rejected_and_nothing_is_written[OWNER] PASSED [ 55%]
team/tests/test_state_guard.py::test_forged_approver_is_rejected_and_nothing_is_written[system] PASSED [ 55%]
team/tests/test_state_guard.py::test_forged_approver_is_rejected_and_nothing_is_written[] PASSED [ 56%]
team/tests/test_state_guard.py::test_record_user_approval_rejects_empty_scope_or_statement PASSED [ 56%]
team/tests/test_state_guard.py::test_record_user_approval_does_not_accept_caller_supplied_id PASSED [ 57%]
team/tests/test_state_guard.py::test_no_path_to_executable_without_approval[READY] PASSED [ 57%]
team/tests/test_state_guard.py::test_no_path_to_executable_without_approval[RUNNING] PASSED [ 57%]
team/tests/test_state_guard.py::test_every_paused_state_requires_approval_for_running[AWAITING_USER_RULING] PASSED [ 58%]
team/tests/test_state_guard.py::test_every_paused_state_requires_approval_for_running[BLOCKED] PASSED [ 58%]
team/tests/test_state_guard.py::test_every_paused_state_requires_approval_for_running[ESCALATED] PASSED [ 59%]
team/tests/test_state_guard.py::test_every_paused_state_requires_approval_for_running[\u7b49\u7528\u6237\u88c1\u51b3] PASSED [ 59%]
team/tests/test_state_guard.py::test_leaving_pause_to_non_executable_also_requires_approval PASSED [ 60%]
team/tests/test_state_guard.py::test_multi_hop_bypass_is_closed_end_to_end PASSED [ 60%]
team/tests/test_state_guard.py::test_unknown_task_fails_closed PASSED    [ 61%]
team/tests/test_state_guard.py::test_missing_approval_record_is_rejected PASSED [ 61%]
team/tests/test_state_guard.py::test_approval_for_another_task_is_rejected PASSED [ 62%]
team/tests/test_state_guard.py::test_approval_with_non_owner_author_in_record_is_rejected PASSED [ 62%]
team/tests/test_state_guard.py::test_consumed_approval_cannot_be_replayed PASSED [ 63%]
team/tests/test_state_guard.py::test_valid_approval_unlocks_paused_to_running PASSED [ 63%]
team/tests/test_state_guard.py::test_valid_approval_unlocks_paused_to_ready PASSED [ 64%]
team/tests/test_state_guard.py::test_approval_consumed_before_state_write PASSED [ 64%]
team/tests/test_state_guard.py::test_normal_transition_needs_no_approval PASSED [ 65%]
team/tests/test_state_guard.py::test_ready_to_running_needs_no_approval PASSED [ 65%]
team/tests/test_state_guard.py::test_illegal_non_paused_transition_is_rejected PASSED [ 66%]
team/tests/test_state_guard.py::test_unknown_target_state_is_rejected PASSED [ 66%]
team/tests/test_state_guard.py::test_guard_table_matches_gate_for_all_non_paused_pairs PASSED [ 67%]
team/tests/test_state_guard.py::test_state_writes_are_audited PASSED     [ 67%]
team/tests/test_state_guard.py::test_denials_are_audited_without_touching_state PASSED [ 68%]
team/tests/test_state_guard.py::test_credential_unlocks_blocked_and_is_consumed PASSED [ 68%]
team/tests/test_state_guard.py::test_credential_replay_is_rejected PASSED [ 69%]
team/tests/test_state_guard.py::test_credential_rejected_for_every_other_paused_state[ESCALATED] PASSED [ 69%]
team/tests/test_state_guard.py::test_credential_rejected_for_every_other_paused_state[CHANGE_PENDING] PASSED [ 70%]
team/tests/test_state_guard.py::test_credential_rejected_for_every_other_paused_state[\u7b49\u7528\u6237\u88c1\u51b3] PASSED [ 70%]
team/tests/test_state_guard.py::test_credential_with_mismatched_task_id_is_rejected PASSED [ 71%]
team/tests/test_state_guard.py::test_unknown_credential_id_is_rejected PASSED [ 71%]
team/tests/test_state_guard.py::test_ambiguous_credential_match_is_rejected PASSED [ 71%]
team/tests/test_state_guard.py::test_malformed_credential_id_is_rejected[] PASSED [ 72%]
team/tests/test_state_guard.py::test_malformed_credential_id_is_rejected[   ] PASSED [ 72%]
team/tests/test_state_guard.py::test_malformed_credential_id_is_rejected[RC-*] PASSED [ 73%]
team/tests/test_state_guard.py::test_malformed_credential_id_is_rejected[../x] PASSED [ 73%]
team/tests/test_state_guard.py::test_malformed_credential_id_is_rejected[RC-20260930-001/../x] PASSED [ 74%]
team/tests/test_state_guard.py::test_none_credential_means_not_provided PASSED [ 74%]
team/tests/test_state_guard.py::test_credential_not_issued_by_compare_is_rejected PASSED [ 75%]
team/tests/test_state_guard.py::test_credential_with_wrong_basis_is_rejected PASSED [ 75%]
team/tests/test_state_guard.py::test_no_authorization_still_raises_approval_required PASSED [ 76%]
team/tests/test_state_guard.py::test_owner_approval_path_still_works PASSED [ 76%]
team/tests/test_state_guard.py::test_approval_takes_precedence_when_both_provided PASSED [ 77%]
team/tests/test_state_guard.py::test_credential_denials_are_audited_without_touching_state PASSED [ 77%]
team/tests/test_write_lock.py::test_denies_when_authoritative_status_is_blocked PASSED [ 78%]
team/tests/test_write_lock.py::test_lying_caller_is_denied PASSED        [ 78%]
team/tests/test_write_lock.py::test_all_caller_supplied_state_spellings_are_ignored[caller_state0] PASSED [ 79%]
team/tests/test_write_lock.py::test_all_caller_supplied_state_spellings_are_ignored[caller_state1] PASSED [ 79%]
team/tests/test_write_lock.py::test_all_caller_supplied_state_spellings_are_ignored[caller_state2] PASSED [ 80%]
team/tests/test_write_lock.py::test_all_caller_supplied_state_spellings_are_ignored[RUNNING] PASSED [ 80%]
team/tests/test_write_lock.py::test_all_caller_supplied_state_spellings_are_ignored[caller_state4] PASSED [ 81%]
team/tests/test_write_lock.py::test_denies_when_authoritative_file_missing PASSED [ 81%]
team/tests/test_write_lock.py::test_denies_when_authoritative_file_unreadable_or_malformed[{ this is not json] PASSED [ 82%]
team/tests/test_write_lock.py::test_denies_when_authoritative_file_unreadable_or_malformed[] PASSED [ 82%]
team/tests/test_write_lock.py::test_denies_when_authoritative_file_unreadable_or_malformed[[]] PASSED [ 83%]
team/tests/test_write_lock.py::test_denies_when_authoritative_file_unreadable_or_malformed["just a string"] PASSED [ 83%]
team/tests/test_write_lock.py::test_denies_when_tasks_object_missing PASSED [ 84%]
team/tests/test_write_lock.py::test_denies_when_task_id_not_in_authoritative_file PASSED [ 84%]
team/tests/test_write_lock.py::test_denies_when_status_missing_or_invalid[record0] PASSED [ 85%]
team/tests/test_write_lock.py::test_denies_when_status_missing_or_invalid[record1] PASSED [ 85%]
team/tests/test_write_lock.py::test_denies_when_status_missing_or_invalid[record2] PASSED [ 85%]
team/tests/test_write_lock.py::test_denies_when_status_missing_or_invalid[record3] PASSED [ 86%]
team/tests/test_write_lock.py::test_denies_when_status_missing_or_invalid[record4] PASSED [ 86%]
team/tests/test_write_lock.py::test_denies_when_status_missing_or_invalid[record5] PASSED [ 87%]
team/tests/test_write_lock.py::test_denies_when_status_missing_or_invalid[not-a-dict] PASSED [ 87%]
team/tests/test_write_lock.py::test_denies_when_task_id_is_not_a_valid_selector[] PASSED [ 88%]
team/tests/test_write_lock.py::test_denies_when_task_id_is_not_a_valid_selector[   ] PASSED [ 88%]
team/tests/test_write_lock.py::test_denies_when_task_id_is_not_a_valid_selector[None] PASSED [ 89%]
team/tests/test_write_lock.py::test_denies_when_task_id_is_not_a_valid_selector[123] PASSED [ 89%]
team/tests/test_write_lock.py::test_denies_when_task_id_is_not_a_valid_selector[bad_task_id4] PASSED [ 90%]
team/tests/test_write_lock.py::test_denial_never_opens_target PASSED     [ 90%]
team/tests/test_write_lock.py::test_denial_creates_no_temp_file PASSED   [ 91%]
team/tests/test_write_lock.py::test_denial_record_names_state_source_and_ignored_caller_value PASSED [ 91%]
team/tests/test_write_lock.py::test_denial_message_states_caller_value_is_ignored PASSED [ 92%]
team/tests/test_write_lock.py::test_denial_message_notes_when_no_caller_state_passed PASSED [ 92%]
team/tests/test_write_lock.py::test_denial_records_accumulate_in_chain PASSED [ 93%]
team/tests/test_write_lock.py::test_allows_when_authoritative_status_is_running PASSED [ 93%]
team/tests/test_write_lock.py::test_caller_claiming_blocked_does_not_prevent_allowed_write PASSED [ 94%]
team/tests/test_write_lock.py::test_task_id_selects_the_right_record PASSED [ 94%]
team/tests/test_write_lock.py::test_allowed_write_uses_atomic_replace PASSED [ 95%]
team/tests/test_write_lock.py::test_allowed_write_creates_missing_parent_directories PASSED [ 95%]
team/tests/test_write_lock.py::test_allowed_write_accepts_bytes_content PASSED [ 96%]
team/tests/test_write_lock.py::test_task_id_is_a_required_keyword PASSED [ 96%]
team/tests/test_write_lock.py::test_read_authoritative_status_returns_running PASSED [ 97%]
team/tests/test_write_lock.py::test_read_authoritative_status_raises_on_unusable_source PASSED [ 97%]
team/tests/test_write_lock.py::test_state_source_path_matches_objection_convention PASSED [ 98%]
team/tests/test_write_lock.py::test_exempt_comment_is_documented_in_source PASSED [ 98%]
team/tests/test_write_lock.py::test_selector_vs_state_assertion_is_documented_in_source PASSED [ 99%]
team/tests/test_write_lock.py::test_module_does_not_import_or_patch_other_writers PASSED [ 99%]
team/tests/test_write_lock.py::test_other_modules_are_untouched_by_this_task PASSED [100%]

============================= 207 passed in 1.46s =============================
[exit code: 0]
